app/explore/page.tsx(442,48): error TS2345: Argument of type 'string | number' is not assignable to parameter of type 'string'.
  Type 'number' is not assignable to type 'string'.
app/explore/page.tsx(443,49): error TS2345: Argument of type 'string | number' is not assignable to parameter of type 'string'.
  Type 'number' is not assignable to type 'string'.
app/fed-policy/page.tsx(150,36): error TS7053: Element implicitly has an 'any' type because expression of type 'any' can't be used to index type '{ lower: string; upper: string; mid: string; dff: string; }'.
app/fed-policy/page.tsx(231,13): error TS2769: No overload matches this call.
  Overload 1 of 2, '(props: TooltipProps<ValueType, "SOFR" | "DFF"> | Readonly<TooltipProps<ValueType, "SOFR" | "DFF">>): Tooltip<...>', gave the following error.
    Type '(v: number | null, name: string) => [string, "SOFR" | "DFF"]' is not assignable to type 'Formatter<ValueType, "SOFR" | "DFF">'.
      Types of parameters 'v' and 'value' are incompatible.
        Type 'ValueType' is not assignable to type 'number | null'.
          Type 'string' is not assignable to type 'number'.
  Overload 2 of 2, '(props: TooltipProps<ValueType, "SOFR" | "DFF">, context: any): Tooltip<ValueType, "SOFR" | "DFF">', gave the following error.
    Type '(v: number | null, name: string) => [string, "SOFR" | "DFF"]' is not assignable to type 'Formatter<ValueType, "SOFR" | "DFF">'.
app/macro/page.tsx(572,26): error TS18046: 'val' is of type 'unknown'.
app/macro/page.tsx(573,25): error TS18046: 'val' is of type 'unknown'.
app/macro/page.tsx(574,35): error TS18046: 'val' is of type 'unknown'.
